Invalid Expression!
Invalid Expression!
Invalid Expression!
Invalid Result!
Exiting...
